INFO:  latexindent.pl version 4.0.1, 2026-05-04, a script to indent .tex files
       latexindent.pl lives here: /opt/homebrew/Cellar/latexindent/4.0.1/libexec/bin/
       Tue Jun 30 14:24:46 2026
       Filename: tresc_pracy.tex
INFO:  Processing switches:
       -s|--silent: Silent mode active (you have used either -s or --silent)
       -w|--overwrite: Overwrite mode active, will make a back up before overwriting
       -m|--modifylinebreaks: modify line breaks
INFO:  Directory for backup files and log file indent.log:
       .
INFO:  Perl modules are being loaded from the following directories:
       /opt/homebrew/opt/perl/lib/perl5/5.42/FindBin.pm
       /opt/homebrew/Cellar/latexindent/4.0.1/libexec/lib/perl5/YAML/Tiny.pm
       /opt/homebrew/opt/perl/lib/perl5/5.42/File/Copy.pm
       /opt/homebrew/opt/perl/lib/perl5/5.42/File/Basename.pm
       /opt/homebrew/opt/perl/lib/perl5/5.42/Getopt/Long.pm
       /opt/homebrew/Cellar/latexindent/4.0.1/libexec/lib/perl5/File/HomeDir.pm
INFO:  LatexIndent perl modules are being loaded from, for example:
       /opt/homebrew/Cellar/latexindent/4.0.1/libexec/lib/perl5/LatexIndent/Document.pm
INFO:  YAML settings read: defaultSettings.yaml
       Reading defaultSettings.yaml from /opt/homebrew/Cellar/latexindent/4.0.1/libexec/bin/defaultSettings.yaml
INFO:  YAML reading settings
       Home directory is /Users/nturska
       latexindent.pl didn't find indentconfig.yaml or .indentconfig.yaml
       see all possible locations: https://latexindentpl.readthedocs.io/en/latest/sec-appendices.html#indentconfig-options
INFO:  -l switch used without filename, will search for the following files in turn:
       localSettings.yaml,latexindent.yaml,.localSettings.yaml,.latexindent.yaml
INFO:  YAML settings read: -l switch
       Multiple localSettings found, separated by commas:
       localSettings.yaml, latexindent.yaml, .localSettings.yaml, .latexindent.yaml
       Adding ./.latexindent.yaml to YAML read paths
INFO:  YAML settings, reading from the following files:
       Reading USER settings from ./.latexindent.yaml
       ---
       defaultIndent: '  '
       modifyLineBreaks:
         textWrapOptions:
           columns: '100'
           masterDocument: '1'
           multipleSpacesToSingle: '1'
           perCodeBlockBasis: '1'
           removeSentenceLineBreaks: '0'

INFO:  Backup procedure (-w flag active):
       ./tresc_pracy.bak0 already exists, incrementing by 1 (see maxNumberOfBackUps)
       ./tresc_pracy.bak1 already exists, incrementing by 1 (see maxNumberOfBackUps)
       ./tresc_pracy.bak2 already exists, incrementing by 1 (see maxNumberOfBackUps)
       ./tresc_pracy.bak3 already exists, incrementing by 1 (see maxNumberOfBackUps)
       ./tresc_pracy.bak4 already exists, incrementing by 1 (see maxNumberOfBackUps)
       ./tresc_pracy.bak5 already exists, incrementing by 1 (see maxNumberOfBackUps)
       ./tresc_pracy.bak6 already exists, incrementing by 1 (see maxNumberOfBackUps)
       Backing up tresc_pracy.tex to ./tresc_pracy.bak7...
       tresc_pracy.tex will be overwritten after indentation
INFO:  Output routine:
       Overwriting file tresc_pracy.tex
       --------------
INFO:  Please direct all communication/issues to:
       https://github.com/cmhughes/latexindent.pl
       documentation: https://latexindentpl.readthedocs.io/en/latest/
